---
source: tests/snapshot_tests.rs
expression: "format!(\"{:#?}\", results)"
---
[
    (
        "a",
        "ab",
        0.5,
    ),
    (
        "ab",
        "a",
        0.5,
    ),
    (
        "abc",
        "def",
        0.0,
    ),
    (
        "case",
        "CaSe",
        0.5,
    ),
]
