---
source: tests/snapshot_tests.rs
expression: result
---
<file>
1#ZM:line 1
2#XM:line 2
3#NQ:line 3
4#RH:line 4
5#XH:line 5
6#ZT:line 6
7#BX:line 7
8#PB:line 8
9#PJ:line 9
10#NV:line 10
11#RV:line 11
12#XQ:line 12
13#WY:line 13
14#NQ:line 14
15#XR:line 15
16#KZ:line 16
17#SN:line 17
18#RB:line 18
19#BT:line 19
20#NJ:line 20
21#ZV:line 21
22#ZY:line 22
23#ZM:line 23
24#YM:line 24
25#JN:line 25
26#SQ:line 26
27#WJ:line 27
28#ZH:line 28
29#SY:line 29
30#HY:line 30
31#BM:line 31
32#KH:line 32
33#MY:line 33
34#MQ:line 34
35#QP:line 35
36#TV:line 36
37#KP:line 37
38#MS:line 38
39#YQ:line 39
40#HP:line 40
41#WN:line 41
42#BM:line 42
43#HH:line 43
44#SB:line 44
45#VB:line 45
46#VK:line 46
47#RQ:line 47
48#XK:line 48
49#NT:line 49
50#SP:line 50

(End of file - 50 total lines)
</file>
