---
source: tests/snapshot_tests.rs
expression: "format!(\"{:#?}\", results)"
---
[
    (
        "\"\"",
        "ty1l",
    ),
    (
        "\" \"",
        "ty1l",
    ),
    (
        "\"\\t\"",
        "ty1l",
    ),
    (
        "\"\\n\"",
        "ty1l",
    ),
    (
        "\"\\r\\n\"",
        "ty1l",
    ),
    (
        "\"a\"",
        "1isb",
    ),
    (
        "\"aa\"",
        "4stl",
    ),
    (
        "\"very long line with many characters to test hashing\"",
        "hfos",
    ),
]
