---
source: tests/snapshot_tests.rs
expression: result
---
<file>
1#ZM:line 1
2#KK:line 2
3#ZP:line 3
4#QB:line 4
5#PQ:line 5
6#NZ:line 6
7#MN:line 7
8#BK:line 8
9#VB:line 9
10#ZR:line 10
11#VH:line 11
12#HS:line 12
13#VR:line 13
14#VJ:line 14
15#BW:line 15
16#WH:line 16
17#YT:line 17
18#JY:line 18
19#YP:line 19
20#HS:line 20
21#MS:line 21
22#KY:line 22
23#TV:line 23
24#YM:line 24
25#MY:line 25
26#JS:line 26
27#JK:line 27
28#XV:line 28
29#XH:line 29
30#WN:line 30
31#NX:line 31
32#PP:line 32
33#MS:line 33
34#RJ:line 34
35#NT:line 35
36#XM:line 36
37#WP:line 37
38#SZ:line 38
39#KM:line 39
40#PP:line 40
41#KV:line 41
42#RW:line 42
43#HM:line 43
44#SJ:line 44
45#KP:line 45
46#MZ:line 46
47#PV:line 47
48#SV:line 48
49#PJ:line 49
50#ZJ:line 50

(End of file - 50 total lines)
</file>
