---
source: tests/snapshot_tests.rs
expression: "format!(\"{:#?}\", results)"
---
[
    (
        "kitten",
        "sitting",
        3,
    ),
    (
        "hello",
        "world",
        4,
    ),
    (
        "",
        "",
        0,
    ),
    (
        "a",
        "",
        1,
    ),
    (
        "abc",
        "abc",
        0,
    ),
]
